// Jest Snapshot v1, https://goo.gl/fbAQLP

exports[`Pruebas en MultipleCustomHooks Debe de mostrarse correctamente 1`] = `
<div>
  <h1>
    BreakingBAD Quotes
  </h1>
  <hr />
  <div
    className="alert alert-info text-center"
  >
    Loading ...
  </div>
</div>
`;
