// Jest Snapshot v1, https://goo.gl/fbAQLP

exports[`Pruebas en componente HooksTest Debe de regresar mostrar correctamente el componente <HooksApp /> 1`] = `
<div>
  <h1>
    Hola mundo!!
  </h1>
</div>
`;
