// Jest Snapshot v1, https://goo.gl/fbAQLP

exports[`Pruebas en <HomeScreen /> Debe de mostrarse correctamente el componente HomeScreen 1`] = `
<div>
  <h1>
    HomeScreen
  </h1>
  <hr />
  <pre>
    {
   "name": "Jairo",
   "email": "jairo@gamil.com"
}
  </pre>
</div>
`;
