// Jest Snapshot v1, https://goo.gl/fbAQLP

exports[`Pruebas en <TodoItem /> Debe de mostrarse correctamente 1`] = `
<li
  className="list-group-item"
  key="1"
>
  <p
    className="todo-task"
    onClick={[Function]}
  >
    2
    . 
    Hacer la compra
  </p>
  <button
    className="btn btn-danger"
    onClick={[Function]}
  >
    Borrar
  </button>
</li>
`;
