// Jest Snapshot v1, https://goo.gl/fbAQLP

exports[`Prueba del componente <TodoApp /> Debe de mostrar correctamente el componente <TodoApp /> 1`] = `
<div>
  <h1>
    Todo App (
    0
    )
  </h1>
  <hr />
  <div
    className="row"
  >
    <div
      className="col-7"
    >
      <TodoList
        handleComplete={[Function]}
        handleRemoveTodo={[Function]}
        todos={Array []}
      />
    </div>
    <div
      className="col-5"
    >
      <AddTodoForm
        handleAddTodo={[Function]}
      />
    </div>
  </div>
</div>
`;
